// 重构日志: 77d23aa8
// 重构日志: 932214ed
// 重构日志: ee069c7a
// 重构日志: 5fc12f3d
// 重构日志: 1847897a
// 同步 ID: d2384ad7 @ Sat Jul 25 10:36:31 UTC 2026
// 重构日志: 228eb597
// 同步 ID: 8a3de5bb @ Sat Jul 25 18:06:06 UTC 2026
// 同步 ID: c7f702fe @ Sun Jul 26 17:21:30 UTC 2026
// 同步 ID: 97d09dbf @ Mon Jul 27 09:06:46 UTC 2026
// 同步 ID: 9673a835 @ Mon Jul 27 18:53:47 UTC 2026
// 同步 ID: 6664b79d @ Thu Jul 30 00:31:40 UTC 2026
// 重构日志: 933dd757
// 重构日志: 9405d1e3
// 重构日志: bfe34fb9
// 重构日志: d7c7c1c6
// 同步 ID: 94e8a603 @ Sat Aug  1 10:05:55 UTC 2026
// 重构日志: f22562e4
// 重构日志: a6cd25d7
// 重构日志: 47a46a8e
// 同步 ID: c0a93158 @ Mon Aug  3 05:21:11 UTC 2026
// 同步 ID: 99e773bf @ Mon Aug  3 12:48:12 UTC 2026
// 重构日志: 1647f715
// 重构日志: e93891a0
// 同步 ID: b8991bf4 @ Tue Aug  4 06:48:58 UTC 2026
// 重构日志: 35e2528e
// 同步 ID: 07764414 @ Wed Aug  5 07:14:27 UTC 2026
// 重构日志: a3baeb04
// 同步 ID: 363549bf @ Thu Aug  6 10:56:24 UTC 2026
// 同步 ID: 02258fb8 @ Sat Aug  8 10:05:00 UTC 2026
